2025-03-09 14:08:14.491756 Запуск функции my_function_error
2025-03-09 14:08:14.491756 Во время работы функции my_function_error возникла ошибка тестовый вызов ошибки
